
     Program PWSCF v.6.3 starts on  9Apr2019 at 18: 8:14 

     This program is part of the open-source Quantum ESPRESSO suite
     for quantum simulation of materials; please cite
         "P. Giannozzi et al., J. Phys.:Condens. Matter 21 395502 (2009);
         "P. Giannozzi et al., J. Phys.:Condens. Matter 29 465901 (2017);
          URL http://www.quantum-espresso.org", 
     in publications or presentations arising from this work. More details at
     http://www.quantum-espresso.org/quote

     Parallel version (MPI), running on     1 processors

     MPI processes distributed on     1 nodes
     Reading input from aiida.in

     Current dimensions of program PWSCF are:
     Max number of different atomic species (ntypx) = 10
     Max number of k-points (npk) =  40000
     Max angular momentum in pseudopotentials (lmaxx) =  3

     Subspace diagonalization in iterative solution of the eigenvalue problem:
     a serial algorithm will be used


     G-vector sticks info
     --------------------
     sticks:   dense  smooth     PW     G-vecs:    dense   smooth      PW
     Sum         967     499    151                20107     7119    1243



     bravais-lattice index     =            0
     lattice parameter (alat)  =       7.6903  a.u.
     unit-cell volume          =     321.6039 (a.u.)^3
     number of atoms/cell      =            2
     number of atomic types    =            1
     number of electrons       =        28.00
     number of Kohn-Sham states=           14
     kinetic-energy cutoff     =      30.0000  Ry
     charge density cutoff     =     240.0000  Ry
     convergence threshold     =      1.0E-06
     mixing beta               =       0.7000
     number of iterations used =            8  plain     mixing
     Exchange-correlation      =  SLA  PW   PBX  PBC ( 1  4  3  4 0 0)

     celldm(1)=   7.690338  celldm(2)=   0.000000  celldm(3)=   0.000000
     celldm(4)=   0.000000  celldm(5)=   0.000000  celldm(6)=   0.000000

     crystal axes: (cart. coord. in units of alat)
               a(1) = (   0.000000   0.707107   0.707107 )  
               a(2) = (   0.707107   0.000000   0.707107 )  
               a(3) = (   0.707107   0.707107   0.000000 )  

     reciprocal axes: (cart. coord. in units 2 pi/alat)
               b(1) = ( -0.707107  0.707107  0.707107 )  
               b(2) = (  0.707107 -0.707107  0.707107 )  
               b(3) = (  0.707107  0.707107 -0.707107 )  


     PseudoPot. # 1 for Ge read from file:
     ./pseudo/ge_pbe_v1.4.uspp.F.UPF
     MD5 check sum: 9c9eaa91e581c3f09632fb3098b2c6b2
     Pseudo is Ultrasoft + core correction, Zval = 14.0
     Generated by new atomic code, or converted to UPF format
     Using radial grid of  873 points,  6 beta functions with: 
                l(1) =   0
                l(2) =   0
                l(3) =   1
                l(4) =   1
                l(5) =   2
                l(6) =   2
     Q(r) pseudized with  8 coefficients,  rinner =    1.400   1.400   1.400
                                                       1.400   1.400

     atomic species   valence    mass     pseudopotential
        Ge            14.00    72.61000     Ge( 1.00)

     48 Sym. Ops., with inversion, found (24 have fractional translation)


                                    s                        frac. trans.

      isym =  1     identity                                     

 cryst.   s( 1) = (     1          0          0      )
                  (     0          1          0      )
                  (     0          0          1      )

 cart.    s( 1) = (  1.0000000  0.0000000  0.0000000 )
                  (  0.0000000  1.0000000  0.0000000 )
                  (  0.0000000  0.0000000  1.0000000 )


      isym =  2     180 deg rotation - cart. axis [0,0,1]        

 cryst.   s( 2) = (     0          1         -1      )
                  (     1          0         -1      )
                  (     0          0         -1      )

 cart.    s( 2) = ( -1.0000000  0.0000000  0.0000000 )
                  (  0.0000000 -1.0000000  0.0000000 )
                  (  0.0000000  0.0000000  1.0000000 )


      isym =  3     180 deg rotation - cart. axis [0,1,0]        

 cryst.   s( 3) = (     0         -1          1      )
                  (     0         -1          0      )
                  (     1         -1          0      )

 cart.    s( 3) = ( -1.0000000  0.0000000  0.0000000 )
                  (  0.0000000  1.0000000  0.0000000 )
                  (  0.0000000  0.0000000 -1.0000000 )


      isym =  4     180 deg rotation - cart. axis [1,0,0]        

 cryst.   s( 4) = (    -1          0          0      )
                  (    -1          0          1      )
                  (    -1          1          0      )

 cart.    s( 4) = (  1.0000000  0.0000000  0.0000000 )
                  (  0.0000000 -1.0000000  0.0000000 )
                  (  0.0000000  0.0000000 -1.0000000 )


      isym =  5     180 deg rotation - cart. axis [1,1,0]        

 cryst.   s( 5) = (    -1          0          1      )    f =( -0.2500000 )
                  (     0         -1          1      )       ( -0.2500000 )
                  (     0          0          1      )       ( -0.2500000 )

 cart.    s( 5) = (  0.0000000  1.0000000  0.0000000 )    f =( -0.3535534 )
                  (  1.0000000  0.0000000  0.0000000 )       ( -0.3535534 )
                  (  0.0000000  0.0000000 -1.0000000 )       ( -0.3535534 )


      isym =  6     180 deg rotation - cart. axis [1,-1,0]       

 cryst.   s( 6) = (     0         -1          0      )    f =( -0.2500000 )
                  (    -1          0          0      )       ( -0.2500000 )
                  (     0          0         -1      )       ( -0.2500000 )

 cart.    s( 6) = (  0.0000000 -1.0000000  0.0000000 )    f =( -0.3535534 )
                  ( -1.0000000  0.0000000  0.0000000 )       ( -0.3535534 )
                  (  0.0000000  0.0000000 -1.0000000 )       ( -0.3535534 )


      isym =  7      90 deg rotation - cart. axis [0,0,-1]       

 cryst.   s( 7) = (     0          1          0      )    f =( -0.2500000 )
                  (     0          1         -1      )       ( -0.2500000 )
                  (    -1          1          0      )       ( -0.2500000 )

 cart.    s( 7) = (  0.0000000  1.0000000  0.0000000 )    f =( -0.3535534 )
                  ( -1.0000000  0.0000000  0.0000000 )       ( -0.3535534 )
                  (  0.0000000  0.0000000  1.0000000 )       ( -0.3535534 )


      isym =  8      90 deg rotation - cart. axis [0,0,1]        

 cryst.   s( 8) = (     1          0         -1      )    f =( -0.2500000 )
                  (     1          0          0      )       ( -0.2500000 )
                  (     1         -1          0      )       ( -0.2500000 )

 cart.    s( 8) = (  0.0000000 -1.0000000  0.0000000 )    f =( -0.3535534 )
                  (  1.0000000  0.0000000  0.0000000 )       ( -0.3535534 )
                  (  0.0000000  0.0000000  1.0000000 )       ( -0.3535534 )


      isym =  9     180 deg rotation - cart. axis [1,0,1]        

 cryst.   s( 9) = (    -1          1          0      )    f =( -0.2500000 )
                  (     0          1          0      )       ( -0.2500000 )
                  (     0          1         -1      )       ( -0.2500000 )

 cart.    s( 9) = (  0.0000000  0.0000000  1.0000000 )    f =( -0.3535534 )
                  (  0.0000000 -1.0000000  0.0000000 )       ( -0.3535534 )
                  (  1.0000000  0.0000000  0.0000000 )       ( -0.3535534 )


      isym = 10     180 deg rotation - cart. axis [-1,0,1]       

 cryst.   s(10) = (     0          0         -1      )    f =( -0.2500000 )
                  (     0         -1          0      )       ( -0.2500000 )
                  (    -1          0          0      )       ( -0.2500000 )

 cart.    s(10) = (  0.0000000  0.0000000 -1.0000000 )    f =( -0.3535534 )
                  (  0.0000000 -1.0000000  0.0000000 )       ( -0.3535534 )
                  ( -1.0000000  0.0000000  0.0000000 )       ( -0.3535534 )


      isym = 11      90 deg rotation - cart. axis [0,1,0]        

 cryst.   s(11) = (     0          0          1      )    f =( -0.2500000 )
                  (    -1          0          1      )       ( -0.2500000 )
                  (     0         -1          1      )       ( -0.2500000 )

 cart.    s(11) = (  0.0000000  0.0000000  1.0000000 )    f =( -0.3535534 )
                  (  0.0000000  1.0000000  0.0000000 )       ( -0.3535534 )
                  ( -1.0000000  0.0000000  0.0000000 )       ( -0.3535534 )


      isym = 12      90 deg rotation - cart. axis [0,-1,0]       

 cryst.   s(12) = (     1         -1          0      )    f =( -0.2500000 )
                  (     1          0         -1      )       ( -0.2500000 )
                  (     1          0          0      )       ( -0.2500000 )

 cart.    s(12) = (  0.0000000  0.0000000 -1.0000000 )    f =( -0.3535534 )
                  (  0.0000000  1.0000000  0.0000000 )       ( -0.3535534 )
                  (  1.0000000  0.0000000  0.0000000 )       ( -0.3535534 )


      isym = 13     180 deg rotation - cart. axis [0,1,1]        

 cryst.   s(13) = (     1          0          0      )    f =( -0.2500000 )
                  (     1         -1          0      )       ( -0.2500000 )
                  (     1          0         -1      )       ( -0.2500000 )

 cart.    s(13) = ( -1.0000000  0.0000000  0.0000000 )    f =( -0.3535534 )
                  (  0.0000000  0.0000000  1.0000000 )       ( -0.3535534 )
                  (  0.0000000  1.0000000  0.0000000 )       ( -0.3535534 )


      isym = 14     180 deg rotation - cart. axis [0,1,-1]       

 cryst.   s(14) = (    -1          0          0      )    f =( -0.2500000 )
                  (     0          0         -1      )       ( -0.2500000 )
                  (     0         -1          0      )       ( -0.2500000 )

 cart.    s(14) = ( -1.0000000  0.0000000  0.0000000 )    f =( -0.3535534 )
                  (  0.0000000  0.0000000 -1.0000000 )       ( -0.3535534 )
                  (  0.0000000 -1.0000000  0.0000000 )       ( -0.3535534 )


      isym = 15      90 deg rotation - cart. axis [-1,0,0]       

 cryst.   s(15) = (     0         -1          1      )    f =( -0.2500000 )
                  (     0          0          1      )       ( -0.2500000 )
                  (    -1          0          1      )       ( -0.2500000 )

 cart.    s(15) = (  1.0000000  0.0000000  0.0000000 )    f =( -0.3535534 )
                  (  0.0000000  0.0000000  1.0000000 )       ( -0.3535534 )
                  (  0.0000000 -1.0000000  0.0000000 )       ( -0.3535534 )


      isym = 16      90 deg rotation - cart. axis [1,0,0]        

 cryst.   s(16) = (     0          1         -1      )    f =( -0.2500000 )
                  (    -1          1          0      )       ( -0.2500000 )
                  (     0          1          0      )       ( -0.2500000 )

 cart.    s(16) = (  1.0000000  0.0000000  0.0000000 )    f =( -0.3535534 )
                  (  0.0000000  0.0000000 -1.0000000 )       ( -0.3535534 )
                  (  0.0000000  1.0000000  0.0000000 )       ( -0.3535534 )


      isym = 17     120 deg rotation - cart. axis [-1,-1,-1]     

 cryst.   s(17) = (     0          0          1      )
                  (     1          0          0      )
                  (     0          1          0      )

 cart.    s(17) = (  0.0000000  1.0000000  0.0000000 )
                  (  0.0000000  0.0000000  1.0000000 )
                  (  1.0000000  0.0000000  0.0000000 )


      isym = 18     120 deg rotation - cart. axis [-1,1,1]       

 cryst.   s(18) = (     1         -1          0      )
                  (     0         -1          1      )
                  (     0         -1          0      )

 cart.    s(18) = (  0.0000000 -1.0000000  0.0000000 )
                  (  0.0000000  0.0000000  1.0000000 )
                  ( -1.0000000  0.0000000  0.0000000 )


      isym = 19     120 deg rotation - cart. axis [1,1,-1]       

 cryst.   s(19) = (    -1          1          0      )
                  (    -1          0          0      )
                  (    -1          0          1      )

 cart.    s(19) = (  0.0000000  1.0000000  0.0000000 )
                  (  0.0000000  0.0000000 -1.0000000 )
                  ( -1.0000000  0.0000000  0.0000000 )


      isym = 20     120 deg rotation - cart. axis [1,-1,1]       

 cryst.   s(20) = (     0          0         -1      )
                  (     0          1         -1      )
                  (     1          0         -1      )

 cart.    s(20) = (  0.0000000 -1.0000000  0.0000000 )
                  (  0.0000000  0.0000000 -1.0000000 )
                  (  1.0000000  0.0000000  0.0000000 )


      isym = 21     120 deg rotation - cart. axis [1,1,1]        

 cryst.   s(21) = (     0          1          0      )
                  (     0          0          1      )
                  (     1          0          0      )

 cart.    s(21) = (  0.0000000  0.0000000  1.0000000 )
                  (  1.0000000  0.0000000  0.0000000 )
                  (  0.0000000  1.0000000  0.0000000 )


      isym = 22     120 deg rotation - cart. axis [-1,1,-1]      

 cryst.   s(22) = (    -1          0          1      )
                  (    -1          1          0      )
                  (    -1          0          0      )

 cart.    s(22) = (  0.0000000  0.0000000  1.0000000 )
                  ( -1.0000000  0.0000000  0.0000000 )
                  (  0.0000000 -1.0000000  0.0000000 )


      isym = 23     120 deg rotation - cart. axis [1,-1,-1]      

 cryst.   s(23) = (     1          0         -1      )
                  (     0          0         -1      )
                  (     0          1         -1      )

 cart.    s(23) = (  0.0000000  0.0000000 -1.0000000 )
                  ( -1.0000000  0.0000000  0.0000000 )
                  (  0.0000000  1.0000000  0.0000000 )


      isym = 24     120 deg rotation - cart. axis [-1,-1,1]      

 cryst.   s(24) = (     0         -1          0      )
                  (     1         -1          0      )
                  (     0         -1          1      )

 cart.    s(24) = (  0.0000000  0.0000000 -1.0000000 )
                  (  1.0000000  0.0000000  0.0000000 )
                  (  0.0000000 -1.0000000  0.0000000 )


      isym = 25     inversion                                    

 cryst.   s(25) = (    -1          0          0      )    f =( -0.2500000 )
                  (     0         -1          0      )       ( -0.2500000 )
                  (     0          0         -1      )       ( -0.2500000 )

 cart.    s(25) = ( -1.0000000  0.0000000  0.0000000 )    f =( -0.3535534 )
                  (  0.0000000 -1.0000000  0.0000000 )       ( -0.3535534 )
                  (  0.0000000  0.0000000 -1.0000000 )       ( -0.3535534 )


      isym = 26     inv. 180 deg rotation - cart. axis [0,0,1]   

 cryst.   s(26) = (     0         -1          1      )    f =( -0.2500000 )
                  (    -1          0          1      )       ( -0.2500000 )
                  (     0          0          1      )       ( -0.2500000 )

 cart.    s(26) = (  1.0000000  0.0000000  0.0000000 )    f =( -0.3535534 )
                  (  0.0000000  1.0000000  0.0000000 )       ( -0.3535534 )
                  (  0.0000000  0.0000000 -1.0000000 )       ( -0.3535534 )


      isym = 27     inv. 180 deg rotation - cart. axis [0,1,0]   

 cryst.   s(27) = (     0          1         -1      )    f =( -0.2500000 )
                  (     0          1          0      )       ( -0.2500000 )
                  (    -1          1          0      )       ( -0.2500000 )

 cart.    s(27) = (  1.0000000  0.0000000  0.0000000 )    f =( -0.3535534 )
                  (  0.0000000 -1.0000000  0.0000000 )       ( -0.3535534 )
                  (  0.0000000  0.0000000  1.0000000 )       ( -0.3535534 )


      isym = 28     inv. 180 deg rotation - cart. axis [1,0,0]   

 cryst.   s(28) = (     1          0          0      )    f =( -0.2500000 )
                  (     1          0         -1      )       ( -0.2500000 )
                  (     1         -1          0      )       ( -0.2500000 )

 cart.    s(28) = ( -1.0000000  0.0000000  0.0000000 )    f =( -0.3535534 )
                  (  0.0000000  1.0000000  0.0000000 )       ( -0.3535534 )
                  (  0.0000000  0.0000000  1.0000000 )       ( -0.3535534 )


      isym = 29     inv. 180 deg rotation - cart. axis [1,1,0]   

 cryst.   s(29) = (     1          0         -1      )
                  (     0          1         -1      )
                  (     0          0         -1      )

 cart.    s(29) = (  0.0000000 -1.0000000  0.0000000 )
                  ( -1.0000000  0.0000000  0.0000000 )
                  (  0.0000000  0.0000000  1.0000000 )


      isym = 30     inv. 180 deg rotation - cart. axis [1,-1,0]  

 cryst.   s(30) = (     0          1          0      )
                  (     1          0          0      )
                  (     0          0          1      )

 cart.    s(30) = (  0.0000000  1.0000000  0.0000000 )
                  (  1.0000000  0.0000000  0.0000000 )
                  (  0.0000000  0.0000000  1.0000000 )


      isym = 31     inv.  90 deg rotation - cart. axis [0,0,-1]  

 cryst.   s(31) = (     0         -1          0      )
                  (     0         -1          1      )
                  (     1         -1          0      )

 cart.    s(31) = (  0.0000000 -1.0000000  0.0000000 )
                  (  1.0000000  0.0000000  0.0000000 )
                  (  0.0000000  0.0000000 -1.0000000 )


      isym = 32     inv.  90 deg rotation - cart. axis [0,0,1]   

 cryst.   s(32) = (    -1          0          1      )
                  (    -1          0          0      )
                  (    -1          1          0      )

 cart.    s(32) = (  0.0000000  1.0000000  0.0000000 )
                  ( -1.0000000  0.0000000  0.0000000 )
                  (  0.0000000  0.0000000 -1.0000000 )


      isym = 33     inv. 180 deg rotation - cart. axis [1,0,1]   

 cryst.   s(33) = (     1         -1          0      )
                  (     0         -1          0      )
                  (     0         -1          1      )

 cart.    s(33) = (  0.0000000  0.0000000 -1.0000000 )
                  (  0.0000000  1.0000000  0.0000000 )
                  ( -1.0000000  0.0000000  0.0000000 )


      isym = 34     inv. 180 deg rotation - cart. axis [-1,0,1]  

 cryst.   s(34) = (     0          0          1      )
                  (     0          1          0      )
                  (     1          0          0      )

 cart.    s(34) = (  0.0000000  0.0000000  1.0000000 )
                  (  0.0000000  1.0000000  0.0000000 )
                  (  1.0000000  0.0000000  0.0000000 )


      isym = 35     inv.  90 deg rotation - cart. axis [0,1,0]   

 cryst.   s(35) = (     0          0         -1      )
                  (     1          0         -1      )
                  (     0          1         -1      )

 cart.    s(35) = (  0.0000000  0.0000000 -1.0000000 )
                  (  0.0000000 -1.0000000  0.0000000 )
                  (  1.0000000  0.0000000  0.0000000 )


      isym = 36     inv.  90 deg rotation - cart. axis [0,-1,0]  

 cryst.   s(36) = (    -1          1          0      )
                  (    -1          0          1      )
                  (    -1          0          0      )

 cart.    s(36) = (  0.0000000  0.0000000  1.0000000 )
                  (  0.0000000 -1.0000000  0.0000000 )
                  ( -1.0000000  0.0000000  0.0000000 )


      isym = 37     inv. 180 deg rotation - cart. axis [0,1,1]   

 cryst.   s(37) = (    -1          0          0      )
                  (    -1          1          0      )
                  (    -1          0          1      )

 cart.    s(37) = (  1.0000000  0.0000000  0.0000000 )
                  (  0.0000000  0.0000000 -1.0000000 )
                  (  0.0000000 -1.0000000  0.0000000 )


      isym = 38     inv. 180 deg rotation - cart. axis [0,1,-1]  

 cryst.   s(38) = (     1          0          0      )
                  (     0          0          1      )
                  (     0          1          0      )

 cart.    s(38) = (  1.0000000  0.0000000  0.0000000 )
                  (  0.0000000  0.0000000  1.0000000 )
                  (  0.0000000  1.0000000  0.0000000 )


      isym = 39     inv.  90 deg rotation - cart. axis [-1,0,0]  

 cryst.   s(39) = (     0          1         -1      )
                  (     0          0         -1      )
                  (     1          0         -1      )

 cart.    s(39) = ( -1.0000000  0.0000000  0.0000000 )
                  (  0.0000000  0.0000000 -1.0000000 )
                  (  0.0000000  1.0000000  0.0000000 )


      isym = 40     inv.  90 deg rotation - cart. axis [1,0,0]   

 cryst.   s(40) = (     0         -1          1      )
                  (     1         -1          0      )
                  (     0         -1          0      )

 cart.    s(40) = ( -1.0000000  0.0000000  0.0000000 )
                  (  0.0000000  0.0000000  1.0000000 )
                  (  0.0000000 -1.0000000  0.0000000 )


      isym = 41     inv. 120 deg rotation - cart. axis [-1,-1,-1]

 cryst.   s(41) = (     0          0         -1      )    f =( -0.2500000 )
                  (    -1          0          0      )       ( -0.2500000 )
                  (     0         -1          0      )       ( -0.2500000 )

 cart.    s(41) = (  0.0000000 -1.0000000  0.0000000 )    f =( -0.3535534 )
                  (  0.0000000  0.0000000 -1.0000000 )       ( -0.3535534 )
                  ( -1.0000000  0.0000000  0.0000000 )       ( -0.3535534 )


      isym = 42     inv. 120 deg rotation - cart. axis [-1,1,1]  

 cryst.   s(42) = (    -1          1          0      )    f =( -0.2500000 )
                  (     0          1         -1      )       ( -0.2500000 )
                  (     0          1          0      )       ( -0.2500000 )

 cart.    s(42) = (  0.0000000  1.0000000  0.0000000 )    f =( -0.3535534 )
                  (  0.0000000  0.0000000 -1.0000000 )       ( -0.3535534 )
                  (  1.0000000  0.0000000  0.0000000 )       ( -0.3535534 )


      isym = 43     inv. 120 deg rotation - cart. axis [1,1,-1]  

 cryst.   s(43) = (     1         -1          0      )    f =( -0.2500000 )
                  (     1          0          0      )       ( -0.2500000 )
                  (     1          0         -1      )       ( -0.2500000 )

 cart.    s(43) = (  0.0000000 -1.0000000  0.0000000 )    f =( -0.3535534 )
                  (  0.0000000  0.0000000  1.0000000 )       ( -0.3535534 )
                  (  1.0000000  0.0000000  0.0000000 )       ( -0.3535534 )


      isym = 44     inv. 120 deg rotation - cart. axis [1,-1,1]  

 cryst.   s(44) = (     0          0          1      )    f =( -0.2500000 )
                  (     0         -1          1      )       ( -0.2500000 )
                  (    -1          0          1      )       ( -0.2500000 )

 cart.    s(44) = (  0.0000000  1.0000000  0.0000000 )    f =( -0.3535534 )
                  (  0.0000000  0.0000000  1.0000000 )       ( -0.3535534 )
                  ( -1.0000000  0.0000000  0.0000000 )       ( -0.3535534 )


      isym = 45     inv. 120 deg rotation - cart. axis [1,1,1]   

 cryst.   s(45) = (     0         -1          0      )    f =( -0.2500000 )
                  (     0          0         -1      )       ( -0.2500000 )
                  (    -1          0          0      )       ( -0.2500000 )

 cart.    s(45) = (  0.0000000  0.0000000 -1.0000000 )    f =( -0.3535534 )
                  ( -1.0000000  0.0000000  0.0000000 )       ( -0.3535534 )
                  (  0.0000000 -1.0000000  0.0000000 )       ( -0.3535534 )


      isym = 46     inv. 120 deg rotation - cart. axis [-1,1,-1] 

 cryst.   s(46) = (     1          0         -1      )    f =( -0.2500000 )
                  (     1         -1          0      )       ( -0.2500000 )
                  (     1          0          0      )       ( -0.2500000 )

 cart.    s(46) = (  0.0000000  0.0000000 -1.0000000 )    f =( -0.3535534 )
                  (  1.0000000  0.0000000  0.0000000 )       ( -0.3535534 )
                  (  0.0000000  1.0000000  0.0000000 )       ( -0.3535534 )


      isym = 47     inv. 120 deg rotation - cart. axis [1,-1,-1] 

 cryst.   s(47) = (    -1          0          1      )    f =( -0.2500000 )
                  (     0          0          1      )       ( -0.2500000 )
                  (     0         -1          1      )       ( -0.2500000 )

 cart.    s(47) = (  0.0000000  0.0000000  1.0000000 )    f =( -0.3535534 )
                  (  1.0000000  0.0000000  0.0000000 )       ( -0.3535534 )
                  (  0.0000000 -1.0000000  0.0000000 )       ( -0.3535534 )


      isym = 48     inv. 120 deg rotation - cart. axis [-1,-1,1] 

 cryst.   s(48) = (     0          1          0      )    f =( -0.2500000 )
                  (    -1          1          0      )       ( -0.2500000 )
                  (     0          1         -1      )       ( -0.2500000 )

 cart.    s(48) = (  0.0000000  0.0000000  1.0000000 )    f =( -0.3535534 )
                  ( -1.0000000  0.0000000  0.0000000 )       ( -0.3535534 )
                  (  0.0000000  1.0000000  0.0000000 )       ( -0.3535534 )


   Cartesian axes

     site n.     atom                  positions (alat units)
         1           Ge  tau(   1) = (   0.0000000   0.0000000   0.0000000  )
         2           Ge  tau(   2) = (   0.3535534   0.3535534   0.3535534  )

   Crystallographic axes

     site n.     atom                  positions (cryst. coord.)
         1           Ge  tau(   1) = (  0.0000000  0.0000000  0.0000000  )
         2           Ge  tau(   2) = (  0.2500000  0.2500000  0.2500000  )

     number of k points=     3
                       cart. coord. in units 2pi/alat
        k(    1) = (   0.0000000   0.0000000   0.0000000), wk =   0.2500000
        k(    2) = (  -0.3535534  -0.3535534   0.3535534), wk =   1.0000000
        k(    3) = (  -0.7071068   0.0000000   0.0000000), wk =   0.7500000

                       cryst. coord.
        k(    1) = (   0.0000000   0.0000000   0.0000000), wk =   0.2500000
        k(    2) = (   0.0000000   0.0000000  -0.5000000), wk =   1.0000000
        k(    3) = (   0.0000000  -0.5000000  -0.5000000), wk =   0.7500000

     Dense  grid:    20107 G-vectors     FFT dimensions: (  40,  40,  40)

     Smooth grid:     7119 G-vectors     FFT dimensions: (  27,  27,  27)

     Dynamical RAM for                 wfc:       0.19 MB

     Dynamical RAM for     wfc (w. buffer):       0.76 MB

     Dynamical RAM for           str. fact:       0.31 MB

     Dynamical RAM for           local pot:       0.00 MB

     Dynamical RAM for          nlocal pot:       0.49 MB

     Dynamical RAM for                qrad:       1.52 MB

     Dynamical RAM for          rho,v,vnew:       2.39 MB

     Dynamical RAM for               rhoin:       0.80 MB

     Dynamical RAM for            rho*nmix:       4.91 MB

     Dynamical RAM for           G-vectors:       1.20 MB

     Dynamical RAM for          h,s,v(r/c):       0.14 MB

     Dynamical RAM for          <psi|beta>:       0.01 MB

     Dynamical RAM for                 psi:       0.76 MB

     Dynamical RAM for                hpsi:       0.76 MB

     Dynamical RAM for                spsi:       0.76 MB

     Dynamical RAM for      wfcinit/wfcrot:       0.50 MB

     Dynamical RAM for           addusdens:      57.68 MB

     Estimated static dynamical RAM per process >      15.43 MB

     Estimated max dynamical RAM per process >      73.11 MB

     Check: negative/imaginary core charge=   -0.000001    0.000000

     Initial potential from superposition of free atoms

     starting charge   27.99825, renormalised to   28.00000
     Starting wfcs are   18 randomized atomic wfcs

     total cpu time spent up to now is        0.6 secs

     Self-consistent Calculation

     iteration #  1     ecut=    30.00 Ry     beta= 0.70
     Davidson diagonalization with overlap
     ethr =  1.00E-02,  avg # of iterations =  1.7

     Threshold (ethr) on eigenvalues was too large:
     Diagonalizing with lowered threshold

     Davidson diagonalization with overlap
     ethr =  2.23E-04,  avg # of iterations =  1.7

     total cpu time spent up to now is        1.0 secs

     total energy              =    -427.06123012 Ry
     Harris-Foulkes estimate   =    -427.07573844 Ry
     estimated scf accuracy    <       0.06506112 Ry

     iteration #  2     ecut=    30.00 Ry     beta= 0.70
     Davidson diagonalization with overlap
     ethr =  2.32E-04,  avg # of iterations =  1.7

     total cpu time spent up to now is        1.3 secs

     total energy              =    -427.06388528 Ry
     Harris-Foulkes estimate   =    -427.06345734 Ry
     estimated scf accuracy    <       0.00295035 Ry

     iteration #  3     ecut=    30.00 Ry     beta= 0.70
     Davidson diagonalization with overlap
     ethr =  1.05E-05,  avg # of iterations =  2.0

     total cpu time spent up to now is        1.5 secs

     total energy              =    -427.06414668 Ry
     Harris-Foulkes estimate   =    -427.06410739 Ry
     estimated scf accuracy    <       0.00003759 Ry

     iteration #  4     ecut=    30.00 Ry     beta= 0.70
     Davidson diagonalization with overlap
     ethr =  1.34E-07,  avg # of iterations =  3.7

     total cpu time spent up to now is        1.8 secs

     End of self-consistent calculation

          k = 0.0000 0.0000 0.0000 (   893 PWs)   bands (ev):

   -16.5283 -16.5283 -16.5283 -16.4958 -16.4958 -16.3191 -16.3191 -16.3191
   -16.2984 -16.2984  -4.3127   7.7131   8.0956   8.0956

     occupation numbers 
     1.0000   1.0000   1.0000   1.0000   1.0000   1.0000   1.0000   1.0000
     1.0000   1.0000   1.0000   1.0000   1.0000   1.0000

          k =-0.3536-0.3536 0.3536 (   886 PWs)   bands (ev):

   -16.5421 -16.5421 -16.5069 -16.4584 -16.4584 -16.3434 -16.3434 -16.3340
   -16.2778 -16.2778  -2.3351   0.7016   6.7404   6.7404

     occupation numbers 
     1.0000   1.0000   1.0000   1.0000   1.0000   1.0000   1.0000   1.0000
     1.0000   1.0000   1.0000   1.0000   1.0000   1.0000

          k =-0.7071 0.0000 0.0000 (   894 PWs)   bands (ev):

   -16.5470 -16.5470 -16.4840 -16.4840 -16.3980 -16.3980 -16.3434 -16.3434
   -16.2658 -16.2658  -0.6062  -0.6062   5.1459   5.1459

     occupation numbers 
     1.0000   1.0000   1.0000   1.0000   1.0000   1.0000   1.0000   1.0000
     1.0000   1.0000   1.0000   1.0000   1.0000   1.0000

     highest occupied level (ev):     8.0956

!    total energy              =    -427.06415845 Ry
     Harris-Foulkes estimate   =    -427.06415801 Ry
     estimated scf accuracy    <       0.00000049 Ry

     The total energy is the sum of the following terms:

     one-electron contribution =    -284.32862259 Ry
     hartree contribution      =     168.03748171 Ry
     xc contribution           =    -116.61456106 Ry
     ewald contribution        =    -194.15845650 Ry

     convergence has been achieved in   4 iterations

     Writing output data file aiida.save/

     init_run     :      0.54s CPU      0.55s WALL (       1 calls)
     electrons    :      1.08s CPU      1.23s WALL (       1 calls)

     Called by init_run:
     wfcinit      :      0.05s CPU      0.05s WALL (       1 calls)
     wfcinit:atom :      0.00s CPU      0.00s WALL (       3 calls)
     wfcinit:wfcr :      0.04s CPU      0.04s WALL (       3 calls)
     potinit      :      0.05s CPU      0.05s WALL (       1 calls)
     hinit0       :      0.39s CPU      0.39s WALL (       1 calls)

     Called by electrons:
     c_bands      :      0.40s CPU      0.40s WALL (       5 calls)
     sum_band     :      0.33s CPU      0.42s WALL (       5 calls)
     v_of_rho     :      0.20s CPU      0.20s WALL (       5 calls)
     v_h          :      0.01s CPU      0.01s WALL (       5 calls)
     v_xc         :      0.19s CPU      0.19s WALL (       5 calls)
     newd         :      0.22s CPU      0.29s WALL (       5 calls)
     mix_rho      :      0.01s CPU      0.01s WALL (       5 calls)

     Called by c_bands:
     init_us_2    :      0.01s CPU      0.01s WALL (      33 calls)
     cegterg      :      0.38s CPU      0.38s WALL (      15 calls)

     Called by sum_band:
     sum_band:bec :      0.00s CPU      0.00s WALL (      15 calls)
     addusdens    :      0.24s CPU      0.32s WALL (       5 calls)

     Called by *egterg:
     h_psi        :      0.33s CPU      0.33s WALL (      50 calls)
     s_psi        :      0.02s CPU      0.02s WALL (      50 calls)
     g_psi        :      0.00s CPU      0.00s WALL (      32 calls)
     cdiaghg      :      0.01s CPU      0.01s WALL (      44 calls)
     cegterg:over :      0.02s CPU      0.02s WALL (      32 calls)
     cegterg:upda :      0.01s CPU      0.01s WALL (      32 calls)
     cegterg:last :      0.01s CPU      0.01s WALL (      15 calls)

     Called by h_psi:
     h_psi:pot    :      0.33s CPU      0.33s WALL (      50 calls)
     h_psi:calbec :      0.02s CPU      0.02s WALL (      50 calls)
     vloc_psi     :      0.28s CPU      0.28s WALL (      50 calls)
     add_vuspsi   :      0.02s CPU      0.02s WALL (      50 calls)

     General routines
     calbec       :      0.03s CPU      0.03s WALL (      65 calls)
     fft          :      0.08s CPU      0.08s WALL (      65 calls)
     ffts         :      0.00s CPU      0.00s WALL (      10 calls)
     fftw         :      0.31s CPU      0.31s WALL (    1274 calls)
     interpolate  :      0.01s CPU      0.01s WALL (       5 calls)

     Parallel routines

     PWSCF        :      1.67s CPU      1.83s WALL


   This run was terminated on:  18: 8:15   9Apr2019            

=------------------------------------------------------------------------------=
   JOB DONE.
=------------------------------------------------------------------------------=
